Archive member included to satisfy reference by file (symbol)

c:/nxp/mcuxpressoide_11.0.1_2563/ide/plugins/com.nxp.mcuxpresso.tools.win32_11.0.1.201907311258/tools/bin/../lib/gcc/arm-none-eabi/8.2.1/../../../../arm-none-eabi/lib/thumb/v6-m/nofp\libcr_semihost_nf.a(_cr__main.o)
                              ./debug/startup_mkl25z4.o (__main)
c:/nxp/mcuxpressoide_11.0.1_2563/ide/plugins/com.nxp.mcuxpresso.tools.win32_11.0.1.201907311258/tools/bin/../lib/gcc/arm-none-eabi/8.2.1/../../../../arm-none-eabi/lib/thumb/v6-m/nofp\libcr_c.a(memcpy.o)
                              ./debug/fsl_flash.o (memcpy)
c:/nxp/mcuxpressoide_11.0.1_2563/ide/plugins/com.nxp.mcuxpresso.tools.win32_11.0.1.201907311258/tools/bin/../lib/gcc/arm-none-eabi/8.2.1/../../../../arm-none-eabi/lib/thumb/v6-m/nofp\libcr_c.a(memset.o)
                              ./debug/fsl_flash.o (memset)
c:/nxp/mcuxpressoide_11.0.1_2563/ide/plugins/com.nxp.mcuxpresso.tools.win32_11.0.1.201907311258/tools/bin/../lib/gcc/arm-none-eabi/8.2.1/../../../../arm-none-eabi/lib/thumb/v6-m/nofp\libcr_c.a(initio.o)
                              c:/nxp/mcuxpressoide_11.0.1_2563/ide/plugins/com.nxp.mcuxpresso.tools.win32_11.0.1.201907311258/tools/bin/../lib/gcc/arm-none-eabi/8.2.1/../../../../arm-none-eabi/lib/thumb/v6-m/nofp\libcr_semihost_nf.a(_cr__main.o) (_initio)
c:/nxp/mcuxpressoide_11.0.1_2563/ide/plugins/com.nxp.mcuxpresso.tools.win32_11.0.1.201907311258/tools/bin/../lib/gcc/arm-none-eabi/8.2.1/../../../../arm-none-eabi/lib/thumb/v6-m/nofp\libcr_c.a(setvbuf.o)
                              c:/nxp/mcuxpressoide_11.0.1_2563/ide/plugins/com.nxp.mcuxpresso.tools.win32_11.0.1.201907311258/tools/bin/../lib/gcc/arm-none-eabi/8.2.1/../../../../arm-none-eabi/lib/thumb/v6-m/nofp\libcr_c.a(initio.o) (setvbuf)
c:/nxp/mcuxpressoide_11.0.1_2563/ide/plugins/com.nxp.mcuxpresso.tools.win32_11.0.1.201907311258/tools/bin/../lib/gcc/arm-none-eabi/8.2.1/../../../../arm-none-eabi/lib/thumb/v6-m/nofp\libcr_c.a(stdlib.o)
                              ./debug/state_machine.o (exit)
c:/nxp/mcuxpressoide_11.0.1_2563/ide/plugins/com.nxp.mcuxpresso.tools.win32_11.0.1.201907311258/tools/bin/../lib/gcc/arm-none-eabi/8.2.1/../../../../arm-none-eabi/lib/thumb/v6-m/nofp\libcr_c.a(strlen.o)
                              ./debug/fsl_debug_console.o (strlen)
c:/nxp/mcuxpressoide_11.0.1_2563/ide/plugins/com.nxp.mcuxpresso.tools.win32_11.0.1.201907311258/tools/bin/../lib/gcc/arm-none-eabi/8.2.1/../../../../arm-none-eabi/lib/thumb/v6-m/nofp\libcr_c.a(_fdopen.o)
                              c:/nxp/mcuxpressoide_11.0.1_2563/ide/plugins/com.nxp.mcuxpresso.tools.win32_11.0.1.201907311258/tools/bin/../lib/gcc/arm-none-eabi/8.2.1/../../../../arm-none-eabi/lib/thumb/v6-m/nofp\libcr_c.a(initio.o) (_fdopen)
c:/nxp/mcuxpressoide_11.0.1_2563/ide/plugins/com.nxp.mcuxpresso.tools.win32_11.0.1.201907311258/tools/bin/../lib/gcc/arm-none-eabi/8.2.1/../../../../arm-none-eabi/lib/thumb/v6-m/nofp\libcr_c.a(fclose.o)
                              c:/nxp/mcuxpressoide_11.0.1_2563/ide/plugins/com.nxp.mcuxpresso.tools.win32_11.0.1.201907311258/tools/bin/../lib/gcc/arm-none-eabi/8.2.1/../../../../arm-none-eabi/lib/thumb/v6-m/nofp\libcr_c.a(initio.o) (fclose)
c:/nxp/mcuxpressoide_11.0.1_2563/ide/plugins/com.nxp.mcuxpresso.tools.win32_11.0.1.201907311258/tools/bin/../lib/gcc/arm-none-eabi/8.2.1/../../../../arm-none-eabi/lib/thumb/v6-m/nofp\libcr_c.a(fflush.o)
                              c:/nxp/mcuxpressoide_11.0.1_2563/ide/plugins/com.nxp.mcuxpresso.tools.win32_11.0.1.201907311258/tools/bin/../lib/gcc/arm-none-eabi/8.2.1/../../../../arm-none-eabi/lib/thumb/v6-m/nofp\libcr_c.a(fclose.o) (fflush)
c:/nxp/mcuxpressoide_11.0.1_2563/ide/plugins/com.nxp.mcuxpresso.tools.win32_11.0.1.201907311258/tools/bin/../lib/gcc/arm-none-eabi/8.2.1/../../../../arm-none-eabi/lib/thumb/v6-m/nofp\libcr_c.a(fseek.o)
                              c:/nxp/mcuxpressoide_11.0.1_2563/ide/plugins/com.nxp.mcuxpresso.tools.win32_11.0.1.201907311258/tools/bin/../lib/gcc/arm-none-eabi/8.2.1/../../../../arm-none-eabi/lib/thumb/v6-m/nofp\libcr_c.a(_fdopen.o) (fseek)
c:/nxp/mcuxpressoide_11.0.1_2563/ide/plugins/com.nxp.mcuxpresso.tools.win32_11.0.1.201907311258/tools/bin/../lib/gcc/arm-none-eabi/8.2.1/../../../../arm-none-eabi/lib/thumb/v6-m/nofp\libcr_c.a(ftell.o)
                              c:/nxp/mcuxpressoide_11.0.1_2563/ide/plugins/com.nxp.mcuxpresso.tools.win32_11.0.1.201907311258/tools/bin/../lib/gcc/arm-none-eabi/8.2.1/../../../../arm-none-eabi/lib/thumb/v6-m/nofp\libcr_c.a(fseek.o) (ftell)
c:/nxp/mcuxpressoide_11.0.1_2563/ide/plugins/com.nxp.mcuxpresso.tools.win32_11.0.1.201907311258/tools/bin/../lib/gcc/arm-none-eabi/8.2.1/../../../../arm-none-eabi/lib/thumb/v6-m/nofp\libcr_c.a(raise.o)
                              c:/nxp/mcuxpressoide_11.0.1_2563/ide/plugins/com.nxp.mcuxpresso.tools.win32_11.0.1.201907311258/tools/bin/../lib/gcc/arm-none-eabi/8.2.1/../../../../arm-none-eabi/lib/thumb/v6-m/nofp\libcr_c.a(stdlib.o) (raise)
[...]
Memory Configuration

Name             Origin             Length             Attributes
PROGRAM_FLASH    0x00000000         0x00020000         xr
SRAM             0x1ffff000         0x00004000         xrw
*default*        0x00000000         0xffffffff

Linker script and memory map

LOAD ./debug/startup_mkl25z4.o
LOAD ./debug/system_MKL25Z4.o
LOAD ./debug/board.o
LOAD ./debug/clock_config.o
LOAD ./debug/peripherals.o
LOAD ./debug/pin_mux.o
LOAD ./debug/fsl_clock.o
LOAD ./debug/fsl_common.o
LOAD ./debug/fsl_flash.o
LOAD ./debug/fsl_gpio.o
LOAD ./debug/fsl_lpsci.o
LOAD ./debug/fsl_smc.o
LOAD ./debug/fsl_uart.o
LOAD ./debug/fsl_debug_console.o
LOAD ./debug/main.o
LOAD ./debug/led_control.o
LOAD ./debug/logger.o
LOAD ./debug/tmp102.o
LOAD ./debug/i2c.o
LOAD ./debug/state_machine.o
START GROUP
LOAD c:/nxp/mcuxpressoide_11.0.1_2563/ide/plugins/com.nxp.mcuxpresso.tools.win32_11.0.1.201907311258/tools/bin/../lib/gcc/arm-none-eabi/8.2.1/../../../../arm-none-eabi/lib/thumb/v6-m/nofp\libcr_semihost_nf.a
LOAD c:/nxp/mcuxpressoide_11.0.1_2563/ide/plugins/com.nxp.mcuxpresso.tools.win32_11.0.1.201907311258/tools/bin/../lib/gcc/arm-none-eabi/8.2.1/../../../../arm-none-eabi/lib/thumb/v6-m/nofp\libcr_c.a
LOAD c:/nxp/mcuxpressoide_11.0.1_2563/ide/plugins/com.nxp.mcuxpresso.tools.win32_11.0.1.201907311258/tools/bin/../lib/gcc/arm-none-eabi/8.2.1/thumb/v6-m/nofp\libcr_eabihelpers.a
END GROUP
                0x00000000                __base_PROGRAM_FLASH = 0x0
                0x00000000                __base_Flash = 0x0
                0x00020000                __top_PROGRAM_FLASH = 0x20000
                0x00020000                __top_Flash = 0x20000
                0x1ffff000                __base_SRAM = 0x1ffff000
                0x1ffff000                __base_RAM = 0x1ffff000
                0x20003000                __top_SRAM = 0x20003000
                0x20003000                __top_RAM = 0x20003000

.text           0x00000000     0x48f4
 FILL mask 0xff
                0x00000000                __vectors_start__ = ABSOLUTE (.)
 *(.isr_vector)
 .isr_vector    0x00000000       0xc0 ./debug/startup_mkl25z4.o
                0x00000000                g_pfnVectors
                0x00000000                __Vectors
                0x000000c0                . = ALIGN (0x4)
                0x000000c0                __section_table_start = .
                0x000000c0                __data_section_table = .
                0x000000c0        0x4 LONG 0x48f4 LOADADDR (.data)
                0x000000c4        0x4 LONG 0x1ffff000 ADDR (.data)
                0x000000c8        0x4 LONG 0x34 SIZEOF (.data)
                0x000000cc                __data_section_table_end = .
                0x000000cc                __bss_section_table = .
                0x000000cc        0x4 LONG 0x1ffff034 ADDR (.bss)
                0x000000d0        0x4 LONG 0x180 SIZEOF (.bss)
                0x000000d4                __bss_section_table_end = .
                0x000000d4                __section_table_end = .
 *(.after_vectors*)
 .after_vectors.init_data
                0x000000d4       0x12 ./debug/startup_mkl25z4.o
                0x000000d4                data_init
 .after_vectors.init_bss
                0x000000e6       0x10 ./debug/startup_mkl25z4.o
                0x000000e6                bss_init
 *fill*         0x000000f6        0x2 ff
 .after_vectors.reset
                0x000000f8       0x4c ./debug/startup_mkl25z4.o
                0x000000f8                ResetISR
 .after_vectors
                0x00000144      0x10c ./debug/startup_mkl25z4.o
                0x00000144                NMI_Handler
                0x00000146                HardFault_Handler
                0x00000148                SVC_Handler
                0x0000014a                PendSV_Handler
                0x0000014e                SPI1_DriverIRQHandler
                0x0000014e                LPTMR0_DriverIRQHandler
                0x0000014e                Reserved39_DriverIRQHandler
                0x0000014e                DMA0_DriverIRQHandler
                0x0000014e                I2C0_DriverIRQHandler
                0x0000014e                PORTD_DriverIRQHandler
                0x0000014e                DMA2_DriverIRQHandler
                0x0000014e                CMP0_DriverIRQHandler
                0x0000014e                TPM2_DriverIRQHandler
                0x0000014e                ADC0_DriverIRQHandler
                0x0000014e                SPI0_DriverIRQHandler
                0x0000014e                TSI0_DriverIRQHandler
                0x0000014e                RTC_Seconds_DriverIRQHandler
                0x0000014e                I2C1_DriverIRQHandler
                0x0000014e                DMA1_DriverIRQHandler
                0x0000014e                LLWU_DriverIRQHandler
                0x0000014e                MCG_DriverIRQHandler
                0x0000014e                PIT_DriverIRQHandler
                0x0000014e                RTC_DriverIRQHandler
                0x0000014e                TPM1_DriverIRQHandler
                0x0000014e                FTFA_DriverIRQHandler
                0x0000014e                IntDefaultHandler
                0x0000014e                USB0_DriverIRQHandler
                0x0000014e                DAC0_DriverIRQHandler
                0x0000014e                PORTA_DriverIRQHandler
                0x0000014e                LVD_LVW_DriverIRQHandler
                0x0000014e                TPM0_DriverIRQHandler
                0x0000014e                Reserved45_DriverIRQHandler
                0x0000014e                DMA3_DriverIRQHandler
                0x0000014e                Reserved20_DriverIRQHandler
                0x00000150                DMA0_IRQHandler
                0x00000158                DMA1_IRQHandler
                0x00000160                DMA2_IRQHandler
                0x00000168                DMA3_IRQHandler
                0x00000170                Reserved20_IRQHandler
                0x00000178                FTFA_IRQHandler
                0x00000180                LVD_LVW_IRQHandler
                0x00000188                LLWU_IRQHandler
                0x00000190                I2C0_IRQHandler
                0x00000198                I2C1_IRQHandler
                0x000001a0                SPI0_IRQHandler
                0x000001a8                SPI1_IRQHandler
                0x000001b0                UART0_IRQHandler
                0x000001b8                UART1_IRQHandler
                0x000001c0                UART2_IRQHandler
                0x000001c8                ADC0_IRQHandler
                0x000001d0                CMP0_IRQHandler
                0x000001d8                TPM0_IRQHandler
                0x000001e0                TPM1_IRQHandler
                0x000001e8                TPM2_IRQHandler
                0x000001f0                RTC_IRQHandler
                0x000001f8                RTC_Seconds_IRQHandler
                0x00000200                PIT_IRQHandler
                0x00000208                Reserved39_IRQHandler
                0x00000210                USB0_IRQHandler
                0x00000218                DAC0_IRQHandler
                0x00000220                TSI0_IRQHandler
                0x00000228                MCG_IRQHandler
                0x00000230                LPTMR0_IRQHandler
                0x00000238                Reserved45_IRQHandler
                0x00000240                PORTA_IRQHandler
                0x00000248                PORTD_IRQHandler
                0x00000400                . = 0x400
 *fill*         0x00000250      0x1b0 ff
                0x00000400                PROVIDE (__FLASH_CONFIG_START__ = .)
 *(.FlashConfig)
 .FlashConfig   0x00000400       0x10 ./debug/startup_mkl25z4.o
                0x00000400                Flash_Config
                0x00000410                PROVIDE (__FLASH_CONFIG_END__ = .)
                0x00000001                ASSERT (! ((__FLASH_CONFIG_START__ == __FLASH_CONFIG_END__)), Linker Flash Config Support Enabled, but no .FlashConfig section provided within application)
 *(.text*)
 .text.SystemInit
                0x00000410       0x18 ./debug/system_MKL25Z4.o
                0x00000410                SystemInit
 .text.CLOCK_SetLpsci0Clock
                0x00000428       0x38 ./debug/board.o
 .text.BOARD_InitDebugConsole
                0x00000460       0x30 ./debug/board.o
                0x00000460                BOARD_InitDebugConsole
 .text.CLOCK_SetSimSafeDivs
                0x00000490       0x20 ./debug/clock_config.o
 .text.CLOCK_SetXtal0Freq
                0x000004b0       0x1c ./debug/clock_config.o
 .text.CLOCK_CONFIG_SetFllExtRefDiv
                0x000004cc       0x3c ./debug/clock_config.o
 .text.BOARD_InitBootClocks
                0x00000508        0xe ./debug/clock_config.o
                0x00000508                BOARD_InitBootClocks
 *fill*         0x00000516        0x2 ff
 .text.BOARD_BootClockRUN
                0x00000518       0x64 ./debug/clock_config.o
                0x00000518                BOARD_BootClockRUN
 .text.BOARD_InitBootPeripherals
                0x0000057c        0xa ./debug/peripherals.o
                0x0000057c                BOARD_InitBootPeripherals
 *fill*         0x00000586        0x2 ff
 .text.CLOCK_EnableClock
                0x00000588       0x34 ./debug/pin_mux.o
 .text.PORT_SetPinMux
                0x000005bc       0x40 ./debug/pin_mux.o
 .text.BOARD_InitBootPins
                0x000005fc        0xe ./debug/pin_mux.o
                0x000005fc                BOARD_InitBootPins
 *fill*         0x0000060a        0x2 ff
 .text.BOARD_InitPins
                0x0000060c       0xb8 ./debug/pin_mux.o
                0x0000060c                BOARD_InitPins
 .text.CLOCK_SetEr32kClock
                0x000006c4       0x34 ./debug/fsl_clock.o
 .text.CLOCK_SetPllFllSelClock
                0x000006f8       0x38 ./debug/fsl_clock.o
 .text.OSC_SetExtRefClkConfig
                0x00000730       0x3e ./debug/fsl_clock.o
 .text.OSC_SetCapLoad
                0x0000076e       0x42 ./debug/fsl_clock.o
 .text.CLOCK_GetMcgExtClkFreq
                0x000007b0       0x28 ./debug/fsl_clock.o
 .text.CLOCK_GetFllExtRefClkFreq
                0x000007d8       0xa4 ./debug/fsl_clock.o
 .text.CLOCK_GetFllRefClkFreq
                0x0000087c       0x2c ./debug/fsl_clock.o
 .text.CLOCK_GetPll0RefFreq
                0x000008a8       0x10 ./debug/fsl_clock.o
 .text.CLOCK_GetOscRangeFromFreq
                0x000008b8       0x4c ./debug/fsl_clock.o
 .text.CLOCK_GetPllFllSelClkFreq
                0x00000904       0x4c ./debug/fsl_clock.o
                0x00000904                CLOCK_GetPllFllSelClkFreq
 .text.CLOCK_SetSimConfig
                0x00000950       0x38 ./debug/fsl_clock.o
                0x00000950                CLOCK_SetSimConfig
 .text.CLOCK_GetFllFreq
                0x00000988       0x84 ./debug/fsl_clock.o
                0x00000988                CLOCK_GetFllFreq
 .text.CLOCK_GetPll0Freq
                0x00000a0c       0x70 ./debug/fsl_clock.o
                0x00000a0c                CLOCK_GetPll0Freq
 .text.CLOCK_SetExternalRefClkConfig
                0x00000a7c       0x16 ./debug/fsl_clock.o
                0x00000a7c                CLOCK_SetExternalRefClkConfig
 *fill*         0x00000a92        0x2 ff
 .text.CLOCK_SetInternalRefClkConfig
                0x00000a94      0x124 ./debug/fsl_clock.o
                0x00000a94                CLOCK_SetInternalRefClkConfig
 .text.CLOCK_EnablePll0
                0x00000bb8       0x90 ./debug/fsl_clock.o
                0x00000bb8                CLOCK_EnablePll0
 .text.CLOCK_InitOsc0
                0x00000c48       0x94 ./debug/fsl_clock.o
                0x00000c48                CLOCK_InitOsc0
 .text.CLOCK_SetPbeMode
                0x00000cdc       0xb0 ./debug/fsl_clock.o
                0x00000cdc                CLOCK_SetPbeMode
 .text.CLOCK_BootToPeeMode
                0x00000d8c       0x70 ./debug/fsl_clock.o
                0x00000d8c                CLOCK_BootToPeeMode
 .text.__assertion_failed
                0x00000dfc       0x1c ./debug/fsl_common.o
                0x00000dfc                __assertion_failed
 .text.CLOCK_EnableClock
                0x00000e18       0x34 ./debug/fsl_lpsci.o
 .text.LPSCI_GetInstance
                0x00000e4c       0x48 ./debug/fsl_lpsci.o
                0x00000e4c                LPSCI_GetInstance
 .text.LPSCI_Init
                0x00000e94      0x258 ./debug/fsl_lpsci.o
                0x00000e94                LPSCI_Init
 .text.LPSCI_GetDefaultConfig
                0x000010ec       0x44 ./debug/fsl_lpsci.o
                0x000010ec                LPSCI_GetDefaultConfig
 .text.LPSCI_GetStatusFlags
                0x00001130       0x26 ./debug/fsl_lpsci.o
                0x00001130                LPSCI_GetStatusFlags
 *fill*         0x00001156        0x2 ff
 .text.LPSCI_ClearStatusFlags
                0x00001158       0x94 ./debug/fsl_lpsci.o
                0x00001158                LPSCI_ClearStatusFlags
 .text.LPSCI_WriteBlocking
                0x000011ec       0x4c ./debug/fsl_lpsci.o
                0x000011ec                LPSCI_WriteBlocking
 .text.LPSCI_ReadBlocking
                0x00001238       0xc0 ./debug/fsl_lpsci.o
                0x00001238                LPSCI_ReadBlocking
 .text.UART0_DriverIRQHandler
                0x000012f8       0x24 ./debug/fsl_lpsci.o
                0x000012f8                UART0_DriverIRQHandler
 .text.CLOCK_EnableClock
                0x0000131c       0x34 ./debug/fsl_uart.o
 .text.UART_GetInstance
                0x00001350       0x54 ./debug/fsl_uart.o
                0x00001350                UART_GetInstance
 .text.UART_Init
                0x000013a4      0x1e0 ./debug/fsl_uart.o
                0x000013a4                UART_Init
 .text.UART_GetDefaultConfig
                0x00001584       0x44 ./debug/fsl_uart.o
                0x00001584                UART_GetDefaultConfig
 .text.UART_GetStatusFlags
                0x000015c8       0x26 ./debug/fsl_uart.o
                0x000015c8                UART_GetStatusFlags
 .text.UART_WriteBlocking
                0x000015ee       0x3a ./debug/fsl_uart.o
                0x000015ee                UART_WriteBlocking
 .text.UART_ReadBlocking
                0x00001628       0x98 ./debug/fsl_uart.o
                0x00001628                UART_ReadBlocking
 .text.UART1_DriverIRQHandler
                0x000016c0       0x24 ./debug/fsl_uart.o
                0x000016c0                UART1_DriverIRQHandler
 .text.UART2_DriverIRQHandler
                0x000016e4       0x24 ./debug/fsl_uart.o
                0x000016e4                UART2_DriverIRQHandler
 .text.UART_EnableTx
                0x00001708       0x40 ./debug/fsl_debug_console.o
 .text.UART_EnableRx
                0x00001748       0x40 ./debug/fsl_debug_console.o
 .text.LPSCI_EnableTx
                0x00001788       0x40 ./debug/fsl_debug_console.o
 .text.LPSCI_EnableRx
                0x000017c8       0x40 ./debug/fsl_debug_console.o
 .text.DbgConsole_Init
                0x00001808       0xf0 ./debug/fsl_debug_console.o
                0x00001808                DbgConsole_Init
 .text.DbgConsole_Printf
                0x000018f8       0x44 ./debug/fsl_debug_console.o
                0x000018f8                DbgConsole_Printf
 .text.DbgConsole_Putchar
                0x0000193c       0x34 ./debug/fsl_debug_console.o
                0x0000193c                DbgConsole_Putchar
 .text.DbgConsole_PrintfPaddingCharacter
                0x00001970       0x46 ./debug/fsl_debug_console.o
 .text.DbgConsole_ConvertRadixNumToString
                0x000019b6      0x114 ./debug/fsl_debug_console.o
 .text.DbgConsole_PrintfFormattedData
                0x00001aca      0x336 ./debug/fsl_debug_console.o
 .text.NVIC_SetPriority
                0x00001e00       0xdc ./debug/main.o
 .text.SysTick_Config
                0x00001edc       0x48 ./debug/main.o
 .text.delay_loop
                0x00001f24       0x36 ./debug/main.o
                0x00001f24                delay_loop
 *fill*         0x00001f5a        0x2 ff
 .text.main     0x00001f5c      0x1e8 ./debug/main.o
                0x00001f5c                main
 .text.GPIO_WritePinOutput
                0x00002144       0x34 ./debug/led_control.o
 .text.GPIO_SetPinsOutput
                0x00002178       0x18 ./debug/led_control.o
 .text.GPIO_ClearPinsOutput
                0x00002190       0x18 ./debug/led_control.o
 .text.delay_led
                0x000021a8       0x2c ./debug/led_control.o
                0x000021a8                delay_led
 .text.turn_on_led_color
                0x000021d4      0x160 ./debug/led_control.o
                0x000021d4                turn_on_led_color
 .text.log_string_detail
                0x00002334       0x68 ./debug/logger.o
                0x00002334                log_string_detail
 .text.log_string
                0x0000239c       0x20 ./debug/logger.o
                0x0000239c                log_string
 .text.log_integer
                0x000023bc       0x78 ./debug/logger.o
                0x000023bc                log_integer
 .text.get_func_name
                0x00002434       0x8c ./debug/logger.o
                0x00002434                get_func_name
 .text.get_log_level
                0x000024c0       0x3c ./debug/logger.o
                0x000024c0                get_log_level
 .text.get_TemperatureInC
                0x000024fc       0x4c ./debug/tmp102.o
                0x000024fc                get_TemperatureInC
 .text.I2C_Init
                0x00002548       0xc4 ./debug/i2c.o
                0x00002548                I2C_Init
 .text.I2C_write_byte
                0x0000260c       0x94 ./debug/i2c.o
                0x0000260c                I2C_write_byte
 .text.I2C_write_bytes
                0x000026a0       0xb4 ./debug/i2c.o
                0x000026a0                I2C_write_bytes
 .text.i2c_read_byte
                0x00002754       0xf0 ./debug/i2c.o
                0x00002754                i2c_read_byte
 .text.i2c_wait
                0x00002844       0x78 ./debug/i2c.o
                0x00002844                i2c_wait
 .text.i2c_read_bytes
                0x000028bc      0x148 ./debug/i2c.o
                0x000028bc                i2c_read_bytes
 .text.alert_init
                0x00002a04       0x54 ./debug/i2c.o
                0x00002a04                alert_init
 .text.state_machine_1
                0x00002a58       0x50 ./debug/state_machine.o
                0x00002a58                state_machine_1
 .text.eval_state
                0x00002aa8       0x34 ./debug/state_machine.o
                0x00002aa8                eval_state
 .text.state_machine_2
                0x00002adc       0x30 ./debug/state_machine.o
                0x00002adc                state_machine_2
 .text.temp_reading
                0x00002b0c       0xf0 ./debug/state_machine.o
                0x00002b0c                temp_reading
 .text.average_temp
                0x00002bfc      0x1ac ./debug/state_machine.o
                0x00002bfc                average_temp
 .text.temp_alert
                0x00002da8       0x78 ./debug/state_machine.o
                0x00002da8                temp_alert
 .text.disconnect_device
                0x00002e20       0x38 ./debug/state_machine.o
                0x00002e20                disconnect_device
 .text.end      0x00002e58       0x1c ./debug/state_machine.o
                0x00002e58                end
 .text.SysTick_Handler
                0x00002e74       0x1c ./debug/state_machine.o
                0x00002e74                SysTick_Handler
 .text.__main   0x00002e90        0xc c:/nxp/mcuxpressoide_11.0.1_2563/ide/plugins/com.nxp.mcuxpresso.tools.win32_11.0.1.201907311258/tools/bin/../lib/gcc/arm-none-eabi/8.2.1/../../../../arm-none-eabi/lib/thumb/v6-m/nofp\libcr_semihost_nf.a(_cr__main.o)
                0x00002e90                __CR_SEMIHOST
                0x00002e90                __main
 .text.memset   0x00002e9c        0x8 c:/nxp/mcuxpressoide_11.0.1_2563/ide/plugins/com.nxp.mcuxpresso.tools.win32_11.0.1.201907311258/tools/bin/../lib/gcc/arm-none-eabi/8.2.1/../../../../arm-none-eabi/lib/thumb/v6-m/nofp\libcr_c.a(memset.o)
                0x00002e9c                memset
 .text._initio  0x00002ea4       0x7c c:/nxp/mcuxpressoide_11.0.1_2563/ide/plugins/com.nxp.mcuxpresso.tools.win32_11.0.1.201907311258/tools/bin/../lib/gcc/arm-none-eabi/8.2.1/../../../../arm-none-eabi/lib/thumb/v6-m/nofp\libcr_c.a(initio.o)
                0x00002ea4                _initio
 .text._terminateio
                0x00002f20       0x50 c:/nxp/mcuxpressoide_11.0.1_2563/ide/plugins/com.nxp.mcuxpresso.tools.win32_11.0.1.201907311258/tools/bin/../lib/gcc/arm-none-eabi/8.2.1/../../../../arm-none-eabi/lib/thumb/v6-m/nofp\libcr_c.a(initio.o)
                0x00002f20                _terminateio
 .text.setvbuf  0x00002f70       0x4c c:/nxp/mcuxpressoide_11.0.1_2563/ide/plugins/com.nxp.mcuxpresso.tools.win32_11.0.1.201907311258/tools/bin/../lib/gcc/arm-none-eabi/8.2.1/../../../../arm-none-eabi/lib/thumb/v6-m/nofp\libcr_c.a(setvbuf.o)
                0x00002f70                setvbuf
 .text.exit     0x00002fbc       0x2c c:/nxp/mcuxpressoide_11.0.1_2563/ide/plugins/com.nxp.mcuxpresso.tools.win32_11.0.1.201907311258/tools/bin/../lib/gcc/arm-none-eabi/8.2.1/../../../../arm-none-eabi/lib/thumb/v6-m/nofp\libcr_c.a(stdlib.o)
                0x00002fbc                exit
 .text.strlen   0x00002fe8       0x58 c:/nxp/mcuxpressoide_11.0.1_2563/ide/plugins/com.nxp.mcuxpresso.tools.win32_11.0.1.201907311258/tools/bin/../lib/gcc/arm-none-eabi/8.2.1/../../../../arm-none-eabi/lib/thumb/v6-m/nofp\libcr_c.a(strlen.o)
                0x00002fe8                strlen
 .text._fdopen  0x00003040       0x74 c:/nxp/mcuxpressoide_11.0.1_2563/ide/plugins/com.nxp.mcuxpresso.tools.win32_11.0.1.201907311258/tools/bin/../lib/gcc/arm-none-eabi/8.2.1/../../../../arm-none-eabi/lib/thumb/v6-m/nofp\libcr_c.a(_fdopen.o)
                0x00003040                _fdopen
 .text.fclose   0x000030b4       0x5c c:/nxp/mcuxpressoide_11.0.1_2563/ide/plugins/com.nxp.mcuxpresso.tools.win32_11.0.1.201907311258/tools/bin/../lib/gcc/arm-none-eabi/8.2.1/../../../../arm-none-eabi/lib/thumb/v6-m/nofp\libcr_c.a(fclose.o)
                0x000030b4                fclose
 .text.fflush   0x00003110       0x44 c:/nxp/mcuxpressoide_11.0.1_2563/ide/plugins/com.nxp.mcuxpresso.tools.win32_11.0.1.201907311258/tools/bin/../lib/gcc/arm-none-eabi/8.2.1/../../../../arm-none-eabi/lib/thumb/v6-m/nofp\libcr_c.a(fflush.o)
                0x00003110                fflush
 .text.fseek    0x00003154       0xf0 c:/nxp/mcuxpressoide_11.0.1_2563/ide/plugins/com.nxp.mcuxpresso.tools.win32_11.0.1.201907311258/tools/bin/../lib/gcc/arm-none-eabi/8.2.1/../../../../arm-none-eabi/lib/thumb/v6-m/nofp\libcr_c.a(fseek.o)
                0x00003154                fseek
 .text.ftell    0x00003244       0x48 c:/nxp/mcuxpressoide_11.0.1_2563/ide/plugins/com.nxp.mcuxpresso.tools.win32_11.0.1.201907311258/tools/bin/../lib/gcc/arm-none-eabi/8.2.1/../../../../arm-none-eabi/lib/thumb/v6-m/nofp\libcr_c.a(ftell.o)
                0x00003244                ftell
 .text.remove   0x0000328c       0x12 c:/nxp/mcuxpressoide_11.0.1_2563/ide/plugins/com.nxp.mcuxpresso.tools.win32_11.0.1.201907311258/tools/bin/../lib/gcc/arm-none-eabi/8.2.1/../../../../arm-none-eabi/lib/thumb/v6-m/nofp\libcr_c.a(remove.o)
                0x0000328c                remove
 *fill*         0x0000329e        0x2 ff
 .text._do_fflush
                0x000032a0       0x44 c:/nxp/mcuxpressoide_11.0.1_2563/ide/plugins/com.nxp.mcuxpresso.tools.win32_11.0.1.201907311258/tools/bin/../lib/gcc/arm-none-eabi/8.2.1/../../../../arm-none-eabi/lib/thumb/v6-m/nofp\libcr_c.a(_do_fflush.o)
                0x000032a0                _do_fflush
 .text._fflush  0x000032e4       0x5c c:/nxp/mcuxpressoide_11.0.1_2563/ide/plugins/com.nxp.mcuxpresso.tools.win32_11.0.1.201907311258/tools/bin/../lib/gcc/arm-none-eabi/8.2.1/../../../../arm-none-eabi/lib/thumb/v6-m/nofp\libcr_c.a(_fflush.o)
                0x000032e4                _fflush
 .text._Cwritebuf
                0x00003340       0x68 c:/nxp/mcuxpressoide_11.0.1_2563/ide/plugins/com.nxp.mcuxpresso.tools.win32_11.0.1.201907311258/tools/bin/../lib/gcc/arm-none-eabi/8.2.1/../../../../arm-none-eabi/lib/thumb/v6-m/nofp\libcr_c.a(_writebuf.o)
                0x00003340                _Cwritebuf
 .text.free     0x000033a8       0x2c c:/nxp/mcuxpressoide_11.0.1_2563/ide/plugins/com.nxp.mcuxpresso.tools.win32_11.0.1.201907311258/tools/bin/../lib/gcc/arm-none-eabi/8.2.1/../../../../arm-none-eabi/lib/thumb/v6-m/nofp\libcr_c.a(alloc.o)
                0x000033a8                free
 .text._deferredlazyseek
                0x000033d4       0x40 c:/nxp/mcuxpressoide_11.0.1_2563/ide/plugins/com.nxp.mcuxpresso.tools.win32_11.0.1.201907311258/tools/bin/../lib/gcc/arm-none-eabi/8.2.1/../../../../arm-none-eabi/lib/thumb/v6-m/nofp\libcr_c.a(_deferredlazyseek.o)
                0x000033d4                _deferredlazyseek
 .text.__aeabi_division_idivmod
                0x00003414       0x78 c:/nxp/mcuxpressoide_11.0.1_2563/ide/plugins/com.nxp.mcuxpresso.tools.win32_11.0.1.201907311258/tools/bin/../lib/gcc/arm-none-eabi/8.2.1/thumb/v6-m/nofp\libcr_eabihelpers.a(division_32.o)
                0x00003414                __aeabi_idivmod
                0x00003414                __aeabi_idiv
                0x0000341a                __aeabi_uidivmod
                0x0000341a                __aeabi_uidiv
 .text.__aeabi_division_idiv0
                0x0000348c        0x2 c:/nxp/mcuxpressoide_11.0.1_2563/ide/plugins/com.nxp.mcuxpresso.tools.win32_11.0.1.201907311258/tools/bin/../lib/gcc/arm-none-eabi/8.2.1/thumb/v6-m/nofp\libcr_eabihelpers.a(division_idiv0.o)
                0x0000348c                __aeabi_idiv0
 *fill*         0x0000348e        0x2 ff
 .text.__aeabi_dmul
                0x00003490      0x188 c:/nxp/mcuxpressoide_11.0.1_2563/ide/plugins/com.nxp.mcuxpresso.tools.win32_11.0.1.201907311258/tools/bin/../lib/gcc/arm-none-eabi/8.2.1/thumb/v6-m/nofp\libcr_eabihelpers.a(double.o)
                0x00003490                __aeabi_dmul
 .text.__aeabi_dsub
                0x00003618      0x1c4 c:/nxp/mcuxpressoide_11.0.1_2563/ide/plugins/com.nxp.mcuxpresso.tools.win32_11.0.1.201907311258/tools/bin/../lib/gcc/arm-none-eabi/8.2.1/thumb/v6-m/nofp\libcr_eabihelpers.a(double.o)
                0x00003618                __aeabi_dsub
 .text.__aeabi_dadd
                0x000037dc      0x12c c:/nxp/mcuxpressoide_11.0.1_2563/ide/plugins/com.nxp.mcuxpresso.tools.win32_11.0.1.201907311258/tools/bin/../lib/gcc/arm-none-eabi/8.2.1/thumb/v6-m/nofp\libcr_eabihelpers.a(double.o)
                0x000037dc                __aeabi_dadd
 .text.__aeabi_d2iz
                0x00003908       0x4c c:/nxp/mcuxpressoide_11.0.1_2563/ide/plugins/com.nxp.mcuxpresso.tools.win32_11.0.1.201907311258/tools/bin/../lib/gcc/arm-none-eabi/8.2.1/thumb/v6-m/nofp\libcr_eabihelpers.a(double.o)
                0x00003908                __aeabi_d2iz
 .text.__bhs_ui2d
                0x00003954       0x5e c:/nxp/mcuxpressoide_11.0.1_2563/ide/plugins/com.nxp.mcuxpresso.tools.win32_11.0.1.201907311258/tools/bin/../lib/gcc/arm-none-eabi/8.2.1/thumb/v6-m/nofp\libcr_eabihelpers.a(double.o)
                0x00003954                __bhs_ui2d
 .text.__aeabi_i2d
                0x000039b2       0x18 c:/nxp/mcuxpressoide_11.0.1_2563/ide/plugins/com.nxp.mcuxpresso.tools.win32_11.0.1.201907311258/tools/bin/../lib/gcc/arm-none-eabi/8.2.1/thumb/v6-m/nofp\libcr_eabihelpers.a(double.o)
                0x000039b2                __aeabi_i2d
 .text.__aeabi_llong_lmul
                0x000039ca       0x2e c:/nxp/mcuxpressoide_11.0.1_2563/ide/plugins/com.nxp.mcuxpresso.tools.win32_11.0.1.201907311258/tools/bin/../lib/gcc/arm-none-eabi/8.2.1/thumb/v6-m/nofp\libcr_eabihelpers.a(llong.o)
                0x000039ca                __aeabi_lmul
 .text.__aeabi_memset_lowlevel
                0x000039f8       0x2a c:/nxp/mcuxpressoide_11.0.1_2563/ide/plugins/com.nxp.mcuxpresso.tools.win32_11.0.1.201907311258/tools/bin/../lib/gcc/arm-none-eabi/8.2.1/thumb/v6-m/nofp\libcr_eabihelpers.a(memcpy.o)
                0x000039f8                __aeabi_lowlevel_memset
 *fill*         0x00003a22        0x2 ff
 .text.__sys_appexit
                0x00003a24        0xc c:/nxp/mcuxpressoide_11.0.1_2563/ide/plugins/com.nxp.mcuxpresso.tools.win32_11.0.1.201907311258/tools/bin/../lib/gcc/arm-none-eabi/8.2.1/../../../../arm-none-eabi/lib/thumb/v6-m/nofp\libcr_semihost_nf.a(__sys_appexit.o)
                0x00003a24                __sys_appexit
                0x00003a24                __exit
 .text.__sys_close
                0x00003a30        0xc c:/nxp/mcuxpressoide_11.0.1_2563/ide/plugins/com.nxp.mcuxpresso.tools.win32_11.0.1.201907311258/tools/bin/../lib/gcc/arm-none-eabi/8.2.1/../../../../arm-none-eabi/lib/thumb/v6-m/nofp\libcr_semihost_nf.a(__sys_close.o)
                0x00003a30                __sys_close
 .text.__sys_flen
                0x00003a3c        0xc c:/nxp/mcuxpressoide_11.0.1_2563/ide/plugins/com.nxp.mcuxpresso.tools.win32_11.0.1.201907311258/tools/bin/../lib/gcc/arm-none-eabi/8.2.1/../../../../arm-none-eabi/lib/thumb/v6-m/nofp\libcr_semihost_nf.a(__sys_flen.o)
                0x00003a3c                __sys_flen
 .text.__sys_istty
                0x00003a48        0xc c:/nxp/mcuxpressoide_11.0.1_2563/ide/plugins/com.nxp.mcuxpresso.tools.win32_11.0.1.201907311258/tools/bin/../lib/gcc/arm-none-eabi/8.2.1/../../../../arm-none-eabi/lib/thumb/v6-m/nofp\libcr_semihost_nf.a(__sys_istty.o)
                0x00003a48                __sys_istty
 .text.__sys_remove
                0x00003a54        0xc c:/nxp/mcuxpressoide_11.0.1_2563/ide/plugins/com.nxp.mcuxpresso.tools.win32_11.0.1.201907311258/tools/bin/../lib/gcc/arm-none-eabi/8.2.1/../../../../arm-none-eabi/lib/thumb/v6-m/nofp\libcr_semihost_nf.a(__sys_remove.o)
                0x00003a54                __sys_remove
 .text.__sys_seek
                0x00003a60        0xc c:/nxp/mcuxpressoide_11.0.1_2563/ide/plugins/com.nxp.mcuxpresso.tools.win32_11.0.1.201907311258/tools/bin/../lib/gcc/arm-none-eabi/8.2.1/../../../../arm-none-eabi/lib/thumb/v6-m/nofp\libcr_semihost_nf.a(__sys_seek.o)
                0x00003a60                __sys_seek
 .text.__sys_tmpnam
                0x00003a6c        0xc c:/nxp/mcuxpressoide_11.0.1_2563/ide/plugins/com.nxp.mcuxpresso.tools.win32_11.0.1.201907311258/tools/bin/../lib/gcc/arm-none-eabi/8.2.1/../../../../arm-none-eabi/lib/thumb/v6-m/nofp\libcr_semihost_nf.a(__sys_tmpnam.o)
                0x00003a6c                __sys_tmpnam
 .text.__sys_write
                0x00003a78        0xc c:/nxp/mcuxpressoide_11.0.1_2563/ide/plugins/com.nxp.mcuxpresso.tools.win32_11.0.1.201907311258/tools/bin/../lib/gcc/arm-none-eabi/8.2.1/../../../../arm-none-eabi/lib/thumb/v6-m/nofp\libcr_semihost_nf.a(__sys_write.o)
                0x00003a78                __sys_write
 *(.rodata .rodata.* .constdata .constdata.*)
 .rodata.mcgConfig_BOARD_BootClockRUN
                0x00003a84        0xa ./debug/clock_config.o
                0x00003a84                mcgConfig_BOARD_BootClockRUN
 *fill*         0x00003a8e        0x2 ff
 .rodata.simConfig_BOARD_BootClockRUN
                0x00003a90        0x8 ./debug/clock_config.o
                0x00003a90                simConfig_BOARD_BootClockRUN
 .rodata.oscConfig_BOARD_BootClockRUN
                0x00003a98        0x8 ./debug/clock_config.o
                0x00003a98                oscConfig_BOARD_BootClockRUN
 .rodata        0x00003aa0      0x10a ./debug/fsl_clock.o
 *fill*         0x00003baa        0x2 ff
 .rodata.fllFactorTable.5230
                0x00003bac       0x10 ./debug/fsl_clock.o
 .rodata        0x00003bbc        0x4 ./debug/fsl_common.o
 .rodata        0x00003bc0      0x45d ./debug/fsl_lpsci.o
 *fill*         0x0000401d        0x3 ff
 .rodata.s_uartBases
                0x00004020        0xc ./debug/fsl_uart.o
 .rodata.s_uartClock
                0x0000402c        0xc ./debug/fsl_uart.o
 .rodata        0x00004038      0x3e8 ./debug/fsl_uart.o
 .rodata        0x00004420       0x88 ./debug/main.o
 .rodata        0x000044a8        0x1 ./debug/led_control.o
 *fill*         0x000044a9        0x3 ff
 .rodata        0x000044ac      0x2a4 ./debug/logger.o
 .rodata.get_func_name
                0x00004750       0x30 ./debug/logger.o
 .rodata        0x00004780      0x158 ./debug/state_machine.o
 .rodata.state_machine_1
                0x000048d8       0x14 ./debug/state_machine.o
 .rodata._initio.str1.1
                0x000048ec        0x4 c:/nxp/mcuxpressoide_11.0.1_2563/ide/plugins/com.nxp.mcuxpresso.tools.win32_11.0.1.201907311258/tools/bin/../lib/gcc/arm-none-eabi/8.2.1/../../../../arm-none-eabi/lib/thumb/v6-m/nofp\libcr_c.a(initio.o)
 .rodata.__num_Ciob_streams
                0x000048f0        0x4 c:/nxp/mcuxpressoide_11.0.1_2563/ide/plugins/com.nxp.mcuxpresso.tools.win32_11.0.1.201907311258/tools/bin/../lib/gcc/arm-none-eabi/8.2.1/../../../../arm-none-eabi/lib/thumb/v6-m/nofp\libcr_semihost_nf.a(__ciob.o)
                0x000048f0                __num_Ciob_streams
                0x000048f4                . = ALIGN (0x4)

.glue_7         0x000048f4        0x0
 .glue_7        0x000048f4        0x0 linker stubs

.glue_7t        0x000048f4        0x0
 .glue_7t       0x000048f4        0x0 linker stubs

.vfp11_veneer   0x000048f4        0x0
 .vfp11_veneer  0x000048f4        0x0 linker stubs

.v4_bx          0x000048f4        0x0
 .v4_bx         0x000048f4        0x0 linker stubs

.iplt           0x000048f4        0x0
 .iplt          0x000048f4        0x0 ./debug/startup_mkl25z4.o

.rel.dyn        0x000048f4        0x0
 .rel.iplt      0x000048f4        0x0 ./debug/startup_mkl25z4.o

.ARM.extab
 *(.ARM.extab* .gnu.linkonce.armextab.*)
                0x000048f4                __exidx_start = .

.ARM.exidx
 *(.ARM.exidx* .gnu.linkonce.armexidx.*)
                0x000048f4                __exidx_end = .
                0x000048f4                _etext = .

.m_usb_data
 *(m_usb_bdt)

.mtb_buffer_default
 *(.mtb*)

.uninit_RESERVED
                0x1ffff000        0x0
 *(.bss.$RESERVED*)
                0x1ffff000                . = ALIGN (0x4)
                0x1ffff000                _end_uninit_RESERVED = .

.data           0x1ffff000       0x34 load address 0x000048f4
 FILL mask 0xff
                0x1ffff000                _data = .
 *(vtable)
 *(.ramfunc*)
 *(.data*)
 .data.SystemCoreClock
                0x1ffff000        0x4 ./debug/system_MKL25Z4.o
                0x1ffff000                SystemCoreClock
 .data.s_slowIrcFreq
                0x1ffff004        0x4 ./debug/fsl_clock.o
 .data.timeout_count
                0x1ffff008        0x1 ./debug/state_machine.o
                0x1ffff008                timeout_count
 *fill*         0x1ffff009        0x3 ff
 .data.stateTab
                0x1ffff00c       0x28 ./debug/state_machine.o
                0x1ffff00c                stateTab
                0x1ffff034                . = ALIGN (0x4)
                0x1ffff034                _edata = .

.igot.plt       0x1ffff034        0x0 load address 0x00004928
 .igot.plt      0x1ffff034        0x0 ./debug/startup_mkl25z4.o

.bss            0x1ffff034      0x180 load address 0x00004928
                0x1ffff034                _bss = .
 *(.bss*)
 .bss.g_xtal0Freq
                0x1ffff034        0x4 ./debug/fsl_clock.o
                0x1ffff034                g_xtal0Freq
 .bss.s_lpsciHandle
                0x1ffff038        0x4 ./debug/fsl_lpsci.o
 .bss.s_lpsciIsr
                0x1ffff03c        0x4 ./debug/fsl_lpsci.o
 .bss.s_uartHandle
                0x1ffff040        0xc ./debug/fsl_uart.o
 .bss.s_uartIsr
                0x1ffff04c        0x4 ./debug/fsl_uart.o
 .bss.s_debugConsole
                0x1ffff050       0x10 ./debug/fsl_debug_console.o
 .bss.post_status
                0x1ffff060        0x1 ./debug/main.o
                0x1ffff060                post_status
 .bss.post_flag
                0x1ffff061        0x1 ./debug/main.o
                0x1ffff061                post_flag
 .bss.alert_status_tl0
                0x1ffff062        0x1 ./debug/main.o
                0x1ffff062                alert_status_tl0
 .bss.alert_status_th0
                0x1ffff063        0x1 ./debug/main.o
                0x1ffff063                alert_status_th0
 .bss.data      0x1ffff064        0x3 ./debug/i2c.o
                0x1ffff064                data
 .bss.current_state
                0x1ffff067        0x1 ./debug/state_machine.o
                0x1ffff067                current_state
 .bss.current_event
                0x1ffff068        0x1 ./debug/state_machine.o
                0x1ffff068                current_event
 *fill*         0x1ffff069        0x1 
 .bss.temp      0x1ffff06a        0x2 ./debug/state_machine.o
                0x1ffff06a                temp
 .bss.tempC     0x1ffff06c        0x1 ./debug/state_machine.o
                0x1ffff06c                tempC
 .bss.tempF     0x1ffff06d        0x1 ./debug/state_machine.o
                0x1ffff06d                tempF
 .bss.timeout_status
                0x1ffff06e        0x1 ./debug/state_machine.o
                0x1ffff06e                timeout_status
 .bss.average   0x1ffff06f        0x1 ./debug/state_machine.o
                0x1ffff06f                average
 .bss.flag      0x1ffff070        0x1 ./debug/state_machine.o
                0x1ffff070                flag
 .bss.disconnect_flag
                0x1ffff071        0x1 ./debug/state_machine.o
                0x1ffff071                disconnect_flag
 .bss.systick_count
                0x1ffff072        0x2 ./debug/state_machine.o
                0x1ffff072                systick_count
 .bss._exitvector
                0x1ffff074       0x84 c:/nxp/mcuxpressoide_11.0.1_2563/ide/plugins/com.nxp.mcuxpresso.tools.win32_11.0.1.201907311258/tools/bin/../lib/gcc/arm-none-eabi/8.2.1/../../../../arm-none-eabi/lib/thumb/v6-m/nofp\libcr_c.a(stdlib.o)
                0x1ffff074                _exitvector
 .bss._number_of_exit_functions
                0x1ffff0f8        0x4 c:/nxp/mcuxpressoide_11.0.1_2563/ide/plugins/com.nxp.mcuxpresso.tools.win32_11.0.1.201907311258/tools/bin/../lib/gcc/arm-none-eabi/8.2.1/../../../../arm-none-eabi/lib/thumb/v6-m/nofp\libcr_c.a(stdlib.o)
                0x1ffff0f8                _number_of_exit_functions
 .bss.errno     0x1ffff0fc        0x4 c:/nxp/mcuxpressoide_11.0.1_2563/ide/plugins/com.nxp.mcuxpresso.tools.win32_11.0.1.201907311258/tools/bin/../lib/gcc/arm-none-eabi/8.2.1/../../../../arm-none-eabi/lib/thumb/v6-m/nofp\libcr_c.a(errno.o)
                0x1ffff0fc                errno
 .bss.__Ciob    0x1ffff100       0xb4 c:/nxp/mcuxpressoide_11.0.1_2563/ide/plugins/com.nxp.mcuxpresso.tools.win32_11.0.1.201907311258/tools/bin/../lib/gcc/arm-none-eabi/8.2.1/../../../../arm-none-eabi/lib/thumb/v6-m/nofp\libcr_semihost_nf.a(__ciob.o)
                0x1ffff100                __Ciob
 *(COMMON)
                0x1ffff1b4                . = ALIGN (0x4)
                0x1ffff1b4                _ebss = .
                [!provide]                PROVIDE (end = .)

.noinit         0x1ffff1b4        0x0 load address 0x00004928
                0x1ffff1b4                _noinit = .
 *(.noinit*)
                0x1ffff1b4                . = ALIGN (0x4)
                0x1ffff1b4                _end_noinit = .

.heap           0x1ffff1b4      0x400 load address 0x00004928
                0x1ffff1b4                _pvHeapStart = .
                0x1ffff5b4                . = (. + 0x400)
 *fill*         0x1ffff1b4      0x400 
                0x1ffff5b4                . = ALIGN (0x4)
                0x1ffff5b4                _pvHeapLimit = .

.heap2stackfill
                0x1ffff5b4      0x400 load address 0x00004928
                0x1ffff9b4                . = (. + 0x400)
 *fill*         0x1ffff5b4      0x400 

.stack          0x20002c00        0x0
                0x20002c00                _vStackBase = .
                0x20002c00                . = ALIGN (0x4)
                0x20003000                _vStackTop = (. + 0x400)
OUTPUT(./debug/PESProject4.axf elf32-littlearm)

.debug_info     0x00000000     0xa35b
 .debug_info    0x00000000      0x4df ./debug/startup_mkl25z4.o
 .debug_info    0x000004df      0x439 ./debug/system_MKL25Z4.o
 .debug_info    0x00000918      0x6fa ./debug/board.o
 .debug_info    0x00001012      0xafe ./debug/clock_config.o
 .debug_info    0x00001b10       0x3c ./debug/peripherals.o
 .debug_info    0x00001b4c      0x5a3 ./debug/pin_mux.o
 .debug_info    0x000020ef     0x1a97 ./debug/fsl_clock.o
 .debug_info    0x00003b86      0x44e ./debug/fsl_common.o
 .debug_info    0x00003fd4     0x1469 ./debug/fsl_lpsci.o
 .debug_info    0x0000543d     0x140a ./debug/fsl_uart.o
 .debug_info    0x00006847      0xe72 ./debug/fsl_debug_console.o
 .debug_info    0x000076b9      0xb49 ./debug/main.o
 .debug_info    0x00008202      0x70b ./debug/led_control.o
 .debug_info    0x0000890d      0x3cf ./debug/logger.o
 .debug_info    0x00008cdc       0xf5 ./debug/tmp102.o
 .debug_info    0x00008dd1      0xc06 ./debug/i2c.o
 .debug_info    0x000099d7      0x984 ./debug/state_machine.o

.debug_abbrev   0x00000000     0x225f
 .debug_abbrev  0x00000000      0x18d ./debug/startup_mkl25z4.o
 .debug_abbrev  0x0000018d      0x156 ./debug/system_MKL25Z4.o
 .debug_abbrev  0x000002e3      0x185 ./debug/board.o
 .debug_abbrev  0x00000468      0x211 ./debug/clock_config.o
 .debug_abbrev  0x00000679       0x31 ./debug/peripherals.o
 .debug_abbrev  0x000006aa      0x1bb ./debug/pin_mux.o
 .debug_abbrev  0x00000865      0x36f ./debug/fsl_clock.o
 .debug_abbrev  0x00000bd4      0x27e ./debug/fsl_common.o
 .debug_abbrev  0x00000e52      0x309 ./debug/fsl_lpsci.o
 .debug_abbrev  0x0000115b      0x323 ./debug/fsl_uart.o
 .debug_abbrev  0x0000147e      0x2d7 ./debug/fsl_debug_console.o
 .debug_abbrev  0x00001755      0x261 ./debug/main.o
 .debug_abbrev  0x000019b6      0x1e1 ./debug/led_control.o
 .debug_abbrev  0x00001b97      0x16f ./debug/logger.o
 .debug_abbrev  0x00001d06       0xbe ./debug/tmp102.o
 .debug_abbrev  0x00001dc4      0x25c ./debug/i2c.o
 .debug_abbrev  0x00002020      0x23f ./debug/state_machine.o

.debug_aranges  0x00000000      0x8d8
 .debug_aranges
                0x00000000      0x160 ./debug/startup_mkl25z4.o
 .debug_aranges
                0x00000160       0x28 ./debug/system_MKL25Z4.o
 .debug_aranges
                0x00000188       0x28 ./debug/board.o
 .debug_aranges
                0x000001b0       0x58 ./debug/clock_config.o
 .debug_aranges
                0x00000208       0x20 ./debug/peripherals.o
 .debug_aranges
                0x00000228       0x38 ./debug/pin_mux.o
 .debug_aranges
                0x00000260      0x1d8 ./debug/fsl_clock.o
 .debug_aranges
                0x00000438       0x38 ./debug/fsl_common.o
 .debug_aranges
                0x00000470      0x118 ./debug/fsl_lpsci.o
 .debug_aranges
                0x00000588      0x130 ./debug/fsl_uart.o
 .debug_aranges
                0x000006b8       0x90 ./debug/fsl_debug_console.o
 .debug_aranges
                0x00000748       0x38 ./debug/main.o
 .debug_aranges
                0x00000780       0x40 ./debug/led_control.o
 .debug_aranges
                0x000007c0       0x48 ./debug/logger.o
 .debug_aranges
                0x00000808       0x20 ./debug/tmp102.o
 .debug_aranges
                0x00000828       0x50 ./debug/i2c.o
 .debug_aranges
                0x00000878       0x60 ./debug/state_machine.o

.debug_ranges   0x00000000      0x7c8
 .debug_ranges  0x00000000      0x150 ./debug/startup_mkl25z4.o
 .debug_ranges  0x00000150       0x18 ./debug/system_MKL25Z4.o
 .debug_ranges  0x00000168       0x18 ./debug/board.o
 .debug_ranges  0x00000180       0x48 ./debug/clock_config.o
 .debug_ranges  0x000001c8       0x10 ./debug/peripherals.o
 .debug_ranges  0x000001d8       0x28 ./debug/pin_mux.o
 .debug_ranges  0x00000200      0x1c8 ./debug/fsl_clock.o
 .debug_ranges  0x000003c8       0x28 ./debug/fsl_common.o
 .debug_ranges  0x000003f0      0x108 ./debug/fsl_lpsci.o
 .debug_ranges  0x000004f8      0x120 ./debug/fsl_uart.o
 .debug_ranges  0x00000618       0x80 ./debug/fsl_debug_console.o
 .debug_ranges  0x00000698       0x28 ./debug/main.o
 .debug_ranges  0x000006c0       0x30 ./debug/led_control.o
 .debug_ranges  0x000006f0       0x38 ./debug/logger.o
 .debug_ranges  0x00000728       0x10 ./debug/tmp102.o
 .debug_ranges  0x00000738       0x40 ./debug/i2c.o
 .debug_ranges  0x00000778       0x50 ./debug/state_machine.o

.debug_macro    0x00000000     0x9319
 .debug_macro   0x00000000       0x29 ./debug/startup_mkl25z4.o
 .debug_macro   0x00000029      0xac6 ./debug/startup_mkl25z4.o
 .debug_macro   0x00000aef       0x94 ./debug/system_MKL25Z4.o
 .debug_macro   0x00000b83       0x10 ./debug/system_MKL25Z4.o
 .debug_macro   0x00000b93      0x12e ./debug/system_MKL25Z4.o
 .debug_macro   0x00000cc1      0x5b3 ./debug/system_MKL25Z4.o
 .debug_macro   0x00001274       0x10 ./debug/system_MKL25Z4.o
 .debug_macro   0x00001284       0x3f ./debug/system_MKL25Z4.o
 .debug_macro   0x000012c3       0x3a ./debug/system_MKL25Z4.o
 .debug_macro   0x000012fd       0x26 ./debug/system_MKL25Z4.o
 .debug_macro   0x00001323      0x329 ./debug/system_MKL25Z4.o
 .debug_macro   0x0000164c       0x30 ./debug/system_MKL25Z4.o
 .debug_macro   0x0000167c     0x51e2 ./debug/system_MKL25Z4.o
 .debug_macro   0x0000685e     0x1352 ./debug/system_MKL25Z4.o
 .debug_macro   0x00007bb0      0x112 ./debug/board.o
 .debug_macro   0x00007cc2       0x16 ./debug/board.o
 .debug_macro   0x00007cd8       0x22 ./debug/board.o
 .debug_macro   0x00007cfa       0x3a ./debug/board.o
 .debug_macro   0x00007d34       0xf4 ./debug/board.o
 .debug_macro   0x00007e28       0x35 ./debug/board.o
 .debug_macro   0x00007e5d       0x16 ./debug/board.o
 .debug_macro   0x00007e73       0x10 ./debug/board.o
 .debug_macro   0x00007e83      0x112 ./debug/board.o
 .debug_macro   0x00007f95       0x22 ./debug/board.o
 .debug_macro   0x00007fb7      0x123 ./debug/clock_config.o
 .debug_macro   0x000080da       0x1c ./debug/clock_config.o
 .debug_macro   0x000080f6       0x1b ./debug/peripherals.o
 .debug_macro   0x00008111       0xee ./debug/pin_mux.o
 .debug_macro   0x000081ff       0x10 ./debug/pin_mux.o
 .debug_macro   0x0000820f       0x64 ./debug/pin_mux.o
 .debug_macro   0x00008273      0x196 ./debug/fsl_clock.o
 .debug_macro   0x00008409       0xef ./debug/fsl_common.o
 .debug_macro   0x000084f8       0x1c ./debug/fsl_common.o
 .debug_macro   0x00008514       0xec ./debug/fsl_lpsci.o
 .debug_macro   0x00008600       0xf2 ./debug/fsl_uart.o
 .debug_macro   0x000086f2      0x127 ./debug/fsl_debug_console.o
 .debug_macro   0x00008819       0x16 ./debug/fsl_debug_console.o
 .debug_macro   0x0000882f       0x10 ./debug/fsl_debug_console.o
 .debug_macro   0x0000883f       0x28 ./debug/fsl_debug_console.o
 .debug_macro   0x00008867       0xc4 ./debug/fsl_debug_console.o
 .debug_macro   0x0000892b       0x10 ./debug/fsl_debug_console.o
 .debug_macro   0x0000893b       0x10 ./debug/fsl_debug_console.o
 .debug_macro   0x0000894b      0x19a ./debug/main.o
 .debug_macro   0x00008ae5       0xd8 ./debug/main.o
 .debug_macro   0x00008bbd       0x10 ./debug/main.o
 .debug_macro   0x00008bcd       0x1c ./debug/main.o
 .debug_macro   0x00008be9      0x167 ./debug/led_control.o
 .debug_macro   0x00008d50       0xd2 ./debug/led_control.o
 .debug_macro   0x00008e22      0x11b ./debug/logger.o
 .debug_macro   0x00008f3d       0x4c ./debug/tmp102.o
 .debug_macro   0x00008f89      0x1d0 ./debug/i2c.o
 .debug_macro   0x00009159       0x1c ./debug/i2c.o
 .debug_macro   0x00009175      0x1a4 ./debug/state_machine.o

.debug_line     0x00000000     0x62b6
 .debug_line    0x00000000      0x1e4 ./debug/startup_mkl25z4.o
 .debug_line    0x000001e4      0x33c ./debug/system_MKL25Z4.o
 .debug_line    0x00000520      0x2d7 ./debug/board.o
 .debug_line    0x000007f7      0x36a ./debug/clock_config.o
 .debug_line    0x00000b61       0x59 ./debug/peripherals.o
 .debug_line    0x00000bba      0x2fb ./debug/pin_mux.o
 .debug_line    0x00000eb5     0x12ab ./debug/fsl_clock.o
 .debug_line    0x00002160      0x347 ./debug/fsl_common.o
 .debug_line    0x000024a7      0xd2c ./debug/fsl_lpsci.o
 .debug_line    0x000031d3      0xd1b ./debug/fsl_uart.o
 .debug_line    0x00003eee      0xc0f ./debug/fsl_debug_console.o
 .debug_line    0x00004afd      0x498 ./debug/main.o
 .debug_line    0x00004f95      0x3ba ./debug/led_control.o
 .debug_line    0x0000534f      0x35f ./debug/logger.o
 .debug_line    0x000056ae      0x189 ./debug/tmp102.o
 .debug_line    0x00005837      0x550 ./debug/i2c.o
 .debug_line    0x00005d87      0x52f ./debug/state_machine.o

.debug_str      0x00000000    0x361e8
 .debug_str     0x00000000     0x31b6 ./debug/startup_mkl25z4.o
                               0x321b (size before relaxing)
 .debug_str     0x000031b6    0x2ccbe ./debug/system_MKL25Z4.o
                              0x2fc8c (size before relaxing)
 .debug_str     0x0002fe74     0x17db ./debug/board.o
                              0x3141e (size before relaxing)
 .debug_str     0x0003164f      0x814 ./debug/clock_config.o
                              0x31250 (size before relaxing)
 .debug_str     0x00031e63       0x3f ./debug/peripherals.o
                               0x2e25 (size before relaxing)
 .debug_str     0x00031ea2      0x548 ./debug/pin_mux.o
                              0x30b64 (size before relaxing)
 .debug_str     0x000323ea     0x1325 ./debug/fsl_clock.o
                              0x32322 (size before relaxing)
 .debug_str     0x0003370f      0x2da ./debug/fsl_common.o
                              0x308c0 (size before relaxing)
 .debug_str     0x000339e9      0xb17 ./debug/fsl_lpsci.o
                              0x3192a (size before relaxing)
 .debug_str     0x00034500      0x93a ./debug/fsl_uart.o
                              0x3194d (size before relaxing)
 .debug_str     0x00034e3a      0x98e ./debug/fsl_debug_console.o
                              0x3177f (size before relaxing)
 .debug_str     0x000357c8      0x56c ./debug/main.o
                              0x321f4 (size before relaxing)
 .debug_str     0x00035d34       0xa1 ./debug/led_control.o
                              0x31a89 (size before relaxing)
 .debug_str     0x00035dd5       0x83 ./debug/logger.o
                              0x30afa (size before relaxing)
 .debug_str     0x00035e58       0x3b ./debug/tmp102.o
                               0x4538 (size before relaxing)
 .debug_str     0x00035e93      0x1fa ./debug/i2c.o
                              0x32160 (size before relaxing)
 .debug_str     0x0003608d      0x15b ./debug/state_machine.o
                              0x320a2 (size before relaxing)

.comment        0x00000000       0x75
 .comment       0x00000000       0x75 ./debug/startup_mkl25z4.o
                                 0x76 (size before relaxing)
 .comment       0x00000075       0x76 ./debug/system_MKL25Z4.o
 .comment       0x00000075       0x76 ./debug/board.o
 .comment       0x00000075       0x76 ./debug/clock_config.o
 .comment       0x00000075       0x76 ./debug/peripherals.o
 .comment       0x00000075       0x76 ./debug/pin_mux.o
 .comment       0x00000075       0x76 ./debug/fsl_clock.o
 .comment       0x00000075       0x76 ./debug/fsl_common.o
 .comment       0x00000075       0x76 ./debug/fsl_lpsci.o
 .comment       0x00000075       0x76 ./debug/fsl_uart.o
 .comment       0x00000075       0x76 ./debug/fsl_debug_console.o
 .comment       0x00000075       0x76 ./debug/main.o
 .comment       0x00000075       0x76 ./debug/led_control.o
 .comment       0x00000075       0x76 ./debug/logger.o
 .comment       0x00000075       0x76 ./debug/tmp102.o
 .comment       0x00000075       0x76 ./debug/i2c.o
 .comment       0x00000075       0x76 ./debug/state_machine.o
 .comment       0x00000075       0x76 c:/nxp/mcuxpressoide_11.0.1_2563/ide/plugins/com.nxp.mcuxpresso.tools.win32_11.0.1.201907311258/tools/bin/../lib/gcc/arm-none-eabi/8.2.1/../../../../arm-none-eabi/lib/thumb/v6-m/nofp\libcr_semihost_nf.a(_cr__main.o)
 .comment       0x00000075       0x76 c:/nxp/mcuxpressoide_11.0.1_2563/ide/plugins/com.nxp.mcuxpresso.tools.win32_11.0.1.201907311258/tools/bin/../lib/gcc/arm-none-eabi/8.2.1/../../../../arm-none-eabi/lib/thumb/v6-m/nofp\libcr_c.a(memset.o)
 .comment       0x00000075       0x76 c:/nxp/mcuxpressoide_11.0.1_2563/ide/plugins/com.nxp.mcuxpresso.tools.win32_11.0.1.201907311258/tools/bin/../lib/gcc/arm-none-eabi/8.2.1/../../../../arm-none-eabi/lib/thumb/v6-m/nofp\libcr_c.a(initio.o)
 .comment       0x00000075       0x76 c:/nxp/mcuxpressoide_11.0.1_2563/ide/plugins/com.nxp.mcuxpresso.tools.win32_11.0.1.201907311258/tools/bin/../lib/gcc/arm-none-eabi/8.2.1/../../../../arm-none-eabi/lib/thumb/v6-m/nofp\libcr_c.a(setvbuf.o)
 .comment       0x00000075       0x76 c:/nxp/mcuxpressoide_11.0.1_2563/ide/plugins/com.nxp.mcuxpresso.tools.win32_11.0.1.201907311258/tools/bin/../lib/gcc/arm-none-eabi/8.2.1/../../../../arm-none-eabi/lib/thumb/v6-m/nofp\libcr_c.a(stdlib.o)
 .comment       0x00000075       0x76 c:/nxp/mcuxpressoide_11.0.1_2563/ide/plugins/com.nxp.mcuxpresso.tools.win32_11.0.1.201907311258/tools/bin/../lib/gcc/arm-none-eabi/8.2.1/../../../../arm-none-eabi/lib/thumb/v6-m/nofp\libcr_c.a(strlen.o)
 .comment       0x00000075       0x76 c:/nxp/mcuxpressoide_11.0.1_2563/ide/plugins/com.nxp.mcuxpresso.tools.win32_11.0.1.201907311258/tools/bin/../lib/gcc/arm-none-eabi/8.2.1/../../../../arm-none-eabi/lib/thumb/v6-m/nofp\libcr_c.a(_fdopen.o)
 .comment       0x00000075       0x76 c:/nxp/mcuxpressoide_11.0.1_2563/ide/plugins/com.nxp.mcuxpresso.tools.win32_11.0.1.201907311258/tools/bin/../lib/gcc/arm-none-eabi/8.2.1/../../../../arm-none-eabi/lib/thumb/v6-m/nofp\libcr_c.a(fclose.o)
 .comment       0x00000075       0x76 c:/nxp/mcuxpressoide_11.0.1_2563/ide/plugins/com.nxp.mcuxpresso.tools.win32_11.0.1.201907311258/tools/bin/../lib/gcc/arm-none-eabi/8.2.1/../../../../arm-none-eabi/lib/thumb/v6-m/nofp\libcr_c.a(fflush.o)
 .comment       0x00000075       0x76 c:/nxp/mcuxpressoide_11.0.1_2563/ide/plugins/com.nxp.mcuxpresso.tools.win32_11.0.1.201907311258/tools/bin/../lib/gcc/arm-none-eabi/8.2.1/../../../../arm-none-eabi/lib/thumb/v6-m/nofp\libcr_c.a(fseek.o)
 .comment       0x00000075       0x76 c:/nxp/mcuxpressoide_11.0.1_2563/ide/plugins/com.nxp.mcuxpresso.tools.win32_11.0.1.201907311258/tools/bin/../lib/gcc/arm-none-eabi/8.2.1/../../../../arm-none-eabi/lib/thumb/v6-m/nofp\libcr_c.a(ftell.o)
 .comment       0x00000075       0x76 c:/nxp/mcuxpressoide_11.0.1_2563/ide/plugins/com.nxp.mcuxpresso.tools.win32_11.0.1.201907311258/tools/bin/../lib/gcc/arm-none-eabi/8.2.1/../../../../arm-none-eabi/lib/thumb/v6-m/nofp\libcr_c.a(remove.o)
 .comment       0x00000075       0x76 c:/nxp/mcuxpressoide_11.0.1_2563/ide/plugins/com.nxp.mcuxpresso.tools.win32_11.0.1.201907311258/tools/bin/../lib/gcc/arm-none-eabi/8.2.1/../../../../arm-none-eabi/lib/thumb/v6-m/nofp\libcr_c.a(_do_fflush.o)
 .comment       0x00000075       0x76 c:/nxp/mcuxpressoide_11.0.1_2563/ide/plugins/com.nxp.mcuxpresso.tools.win32_11.0.1.201907311258/tools/bin/../lib/gcc/arm-none-eabi/8.2.1/../../../../arm-none-eabi/lib/thumb/v6-m/nofp\libcr_c.a(_fflush.o)
 .comment       0x00000075       0x76 c:/nxp/mcuxpressoide_11.0.1_2563/ide/plugins/com.nxp.mcuxpresso.tools.win32_11.0.1.201907311258/tools/bin/../lib/gcc/arm-none-eabi/8.2.1/../../../../arm-none-eabi/lib/thumb/v6-m/nofp\libcr_c.a(_writebuf.o)
 .comment       0x00000075       0x76 c:/nxp/mcuxpressoide_11.0.1_2563/ide/plugins/com.nxp.mcuxpresso.tools.win32_11.0.1.201907311258/tools/bin/../lib/gcc/arm-none-eabi/8.2.1/../../../../arm-none-eabi/lib/thumb/v6-m/nofp\libcr_c.a(alloc.o)
 .comment       0x00000075       0x76 c:/nxp/mcuxpressoide_11.0.1_2563/ide/plugins/com.nxp.mcuxpresso.tools.win32_11.0.1.201907311258/tools/bin/../lib/gcc/arm-none-eabi/8.2.1/../../../../arm-none-eabi/lib/thumb/v6-m/nofp\libcr_c.a(errno.o)
 .comment       0x00000075       0x76 c:/nxp/mcuxpressoide_11.0.1_2563/ide/plugins/com.nxp.mcuxpresso.tools.win32_11.0.1.201907311258/tools/bin/../lib/gcc/arm-none-eabi/8.2.1/../../../../arm-none-eabi/lib/thumb/v6-m/nofp\libcr_c.a(_deferredlazyseek.o)
 .comment       0x00000075       0x76 c:/nxp/mcuxpressoide_11.0.1_2563/ide/plugins/com.nxp.mcuxpresso.tools.win32_11.0.1.201907311258/tools/bin/../lib/gcc/arm-none-eabi/8.2.1/thumb/v6-m/nofp\libcr_eabihelpers.a(double.o)
 .comment       0x00000075       0x76 c:/nxp/mcuxpressoide_11.0.1_2563/ide/plugins/com.nxp.mcuxpresso.tools.win32_11.0.1.201907311258/tools/bin/../lib/gcc/arm-none-eabi/8.2.1/../../../../arm-none-eabi/lib/thumb/v6-m/nofp\libcr_semihost_nf.a(__ciob.o)

.ARM.attributes
                0x00000000       0x2a
 .ARM.attributes
                0x00000000       0x2c ./debug/startup_mkl25z4.o
 .ARM.attributes
                0x0000002c       0x2c ./debug/system_MKL25Z4.o
 .ARM.attributes
                0x00000058       0x2c ./debug/board.o
 .ARM.attributes
                0x00000084       0x2c ./debug/clock_config.o
 .ARM.attributes
                0x000000b0       0x2c ./debug/peripherals.o
 .ARM.attributes
                0x000000dc       0x2c ./debug/pin_mux.o
 .ARM.attributes
                0x00000108       0x2c ./debug/fsl_clock.o
 .ARM.attributes
                0x00000134       0x2c ./debug/fsl_common.o
 .ARM.attributes
                0x00000160       0x2c ./debug/fsl_lpsci.o
 .ARM.attributes
                0x0000018c       0x2c ./debug/fsl_uart.o
 .ARM.attributes
                0x000001b8       0x2c ./debug/fsl_debug_console.o
 .ARM.attributes
                0x000001e4       0x2c ./debug/main.o
 .ARM.attributes
                0x00000210       0x2c ./debug/led_control.o
 .ARM.attributes
                0x0000023c       0x2c ./debug/logger.o
 .ARM.attributes
                0x00000268       0x2c ./debug/tmp102.o
 .ARM.attributes
                0x00000294       0x2c ./debug/i2c.o
 .ARM.attributes
                0x000002c0       0x2c ./debug/state_machine.o
 .ARM.attributes
                0x000002ec       0x2c c:/nxp/mcuxpressoide_11.0.1_2563/ide/plugins/com.nxp.mcuxpresso.tools.win32_11.0.1.201907311258/tools/bin/../lib/gcc/arm-none-eabi/8.2.1/../../../../arm-none-eabi/lib/thumb/v6-m/nofp\libcr_semihost_nf.a(_cr__main.o)
 .ARM.attributes
                0x00000318       0x2c c:/nxp/mcuxpressoide_11.0.1_2563/ide/plugins/com.nxp.mcuxpresso.tools.win32_11.0.1.201907311258/tools/bin/../lib/gcc/arm-none-eabi/8.2.1/../../../../arm-none-eabi/lib/thumb/v6-m/nofp\libcr_c.a(memset.o)
 .ARM.attributes
                0x00000344       0x2c c:/nxp/mcuxpressoide_11.0.1_2563/ide/plugins/com.nxp.mcuxpresso.tools.win32_11.0.1.201907311258/tools/bin/../lib/gcc/arm-none-eabi/8.2.1/../../../../arm-none-eabi/lib/thumb/v6-m/nofp\libcr_c.a(initio.o)
 .ARM.attributes
                0x00000370       0x2c c:/nxp/mcuxpressoide_11.0.1_2563/ide/plugins/com.nxp.mcuxpresso.tools.win32_11.0.1.201907311258/tools/bin/../lib/gcc/arm-none-eabi/8.2.1/../../../../arm-none-eabi/lib/thumb/v6-m/nofp\libcr_c.a(setvbuf.o)
 .ARM.attributes
                0x0000039c       0x2c c:/nxp/mcuxpressoide_11.0.1_2563/ide/plugins/com.nxp.mcuxpresso.tools.win32_11.0.1.201907311258/tools/bin/../lib/gcc/arm-none-eabi/8.2.1/../../../../arm-none-eabi/lib/thumb/v6-m/nofp\libcr_c.a(stdlib.o)
 .ARM.attributes
                0x000003c8       0x2c c:/nxp/mcuxpressoide_11.0.1_2563/ide/plugins/com.nxp.mcuxpresso.tools.win32_11.0.1.201907311258/tools/bin/../lib/gcc/arm-none-eabi/8.2.1/../../../../arm-none-eabi/lib/thumb/v6-m/nofp\libcr_c.a(strlen.o)
 .ARM.attributes
                0x000003f4       0x2c c:/nxp/mcuxpressoide_11.0.1_2563/ide/plugins/com.nxp.mcuxpresso.tools.win32_11.0.1.201907311258/tools/bin/../lib/gcc/arm-none-eabi/8.2.1/../../../../arm-none-eabi/lib/thumb/v6-m/nofp\libcr_c.a(_fdopen.o)
 .ARM.attributes
                0x00000420       0x2c c:/nxp/mcuxpressoide_11.0.1_2563/ide/plugins/com.nxp.mcuxpresso.tools.win32_11.0.1.201907311258/tools/bin/../lib/gcc/arm-none-eabi/8.2.1/../../../../arm-none-eabi/lib/thumb/v6-m/nofp\libcr_c.a(fclose.o)
 .ARM.attributes
                0x0000044c       0x2c c:/nxp/mcuxpressoide_11.0.1_2563/ide/plugins/com.nxp.mcuxpresso.tools.win32_11.0.1.201907311258/tools/bin/../lib/gcc/arm-none-eabi/8.2.1/../../../../arm-none-eabi/lib/thumb/v6-m/nofp\libcr_c.a(fflush.o)
 .ARM.attributes
                0x00000478       0x2c c:/nxp/mcuxpressoide_11.0.1_2563/ide/plugins/com.nxp.mcuxpresso.tools.win32_11.0.1.201907311258/tools/bin/../lib/gcc/arm-none-eabi/8.2.1/../../../../arm-none-eabi/lib/thumb/v6-m/nofp\libcr_c.a(fseek.o)
 .ARM.attributes
                0x000004a4       0x2c c:/nxp/mcuxpressoide_11.0.1_2563/ide/plugins/com.nxp.mcuxpresso.tools.win32_11.0.1.201907311258/tools/bin/../lib/gcc/arm-none-eabi/8.2.1/../../../../arm-none-eabi/lib/thumb/v6-m/nofp\libcr_c.a(ftell.o)
 .ARM.attributes
                0x000004d0       0x2c c:/nxp/mcuxpressoide_11.0.1_2563/ide/plugins/com.nxp.mcuxpresso.tools.win32_11.0.1.201907311258/tools/bin/../lib/gcc/arm-none-eabi/8.2.1/../../../../arm-none-eabi/lib/thumb/v6-m/nofp\libcr_c.a(remove.o)
 .ARM.attributes
                0x000004fc       0x2c c:/nxp/mcuxpressoide_11.0.1_2563/ide/plugins/com.nxp.mcuxpresso.tools.win32_11.0.1.201907311258/tools/bin/../lib/gcc/arm-none-eabi/8.2.1/../../../../arm-none-eabi/lib/thumb/v6-m/nofp\libcr_c.a(_do_fflush.o)
 .ARM.attributes
                0x00000528       0x2c c:/nxp/mcuxpressoide_11.0.1_2563/ide/plugins/com.nxp.mcuxpresso.tools.win32_11.0.1.201907311258/tools/bin/../lib/gcc/arm-none-eabi/8.2.1/../../../../arm-none-eabi/lib/thumb/v6-m/nofp\libcr_c.a(_fflush.o)
 .ARM.attributes
                0x00000554       0x2c c:/nxp/mcuxpressoide_11.0.1_2563/ide/plugins/com.nxp.mcuxpresso.tools.win32_11.0.1.201907311258/tools/bin/../lib/gcc/arm-none-eabi/8.2.1/../../../../arm-none-eabi/lib/thumb/v6-m/nofp\libcr_c.a(_writebuf.o)
 .ARM.attributes
                0x00000580       0x2c c:/nxp/mcuxpressoide_11.0.1_2563/ide/plugins/com.nxp.mcuxpresso.tools.win32_11.0.1.201907311258/tools/bin/../lib/gcc/arm-none-eabi/8.2.1/../../../../arm-none-eabi/lib/thumb/v6-m/nofp\libcr_c.a(alloc.o)
 .ARM.attributes
                0x000005ac       0x31 c:/nxp/mcuxpressoide_11.0.1_2563/ide/plugins/com.nxp.mcuxpresso.tools.win32_11.0.1.201907311258/tools/bin/../lib/gcc/arm-none-eabi/8.2.1/../../../../arm-none-eabi/lib/thumb/v6-m/nofp\libcr_c.a(errno.o)
 .ARM.attributes
                0x000005dd       0x2c c:/nxp/mcuxpressoide_11.0.1_2563/ide/plugins/com.nxp.mcuxpresso.tools.win32_11.0.1.201907311258/tools/bin/../lib/gcc/arm-none-eabi/8.2.1/../../../../arm-none-eabi/lib/thumb/v6-m/nofp\libcr_c.a(_deferredlazyseek.o)
 .ARM.attributes
                0x00000609       0x1c c:/nxp/mcuxpressoide_11.0.1_2563/ide/plugins/com.nxp.mcuxpresso.tools.win32_11.0.1.201907311258/tools/bin/../lib/gcc/arm-none-eabi/8.2.1/thumb/v6-m/nofp\libcr_eabihelpers.a(division_32.o)
 .ARM.attributes
                0x00000625       0x1c c:/nxp/mcuxpressoide_11.0.1_2563/ide/plugins/com.nxp.mcuxpresso.tools.win32_11.0.1.201907311258/tools/bin/../lib/gcc/arm-none-eabi/8.2.1/thumb/v6-m/nofp\libcr_eabihelpers.a(division_idiv0.o)
 .ARM.attributes
                0x00000641       0x2c c:/nxp/mcuxpressoide_11.0.1_2563/ide/plugins/com.nxp.mcuxpresso.tools.win32_11.0.1.201907311258/tools/bin/../lib/gcc/arm-none-eabi/8.2.1/thumb/v6-m/nofp\libcr_eabihelpers.a(double.o)
 .ARM.attributes
                0x0000066d       0x1c c:/nxp/mcuxpressoide_11.0.1_2563/ide/plugins/com.nxp.mcuxpresso.tools.win32_11.0.1.201907311258/tools/bin/../lib/gcc/arm-none-eabi/8.2.1/thumb/v6-m/nofp\libcr_eabihelpers.a(llong.o)
 .ARM.attributes
                0x00000689       0x1c c:/nxp/mcuxpressoide_11.0.1_2563/ide/plugins/com.nxp.mcuxpresso.tools.win32_11.0.1.201907311258/tools/bin/../lib/gcc/arm-none-eabi/8.2.1/thumb/v6-m/nofp\libcr_eabihelpers.a(memcpy.o)
 .ARM.attributes
                0x000006a5       0x31 c:/nxp/mcuxpressoide_11.0.1_2563/ide/plugins/com.nxp.mcuxpresso.tools.win32_11.0.1.201907311258/tools/bin/../lib/gcc/arm-none-eabi/8.2.1/../../../../arm-none-eabi/lib/thumb/v6-m/nofp\libcr_semihost_nf.a(__ciob.o)
 .ARM.attributes
                0x000006d6       0x1c c:/nxp/mcuxpressoide_11.0.1_2563/ide/plugins/com.nxp.mcuxpresso.tools.win32_11.0.1.201907311258/tools/bin/../lib/gcc/arm-none-eabi/8.2.1/../../../../arm-none-eabi/lib/thumb/v6-m/nofp\libcr_semihost_nf.a(__sys_appexit.o)
 .ARM.attributes
                0x000006f2       0x1c c:/nxp/mcuxpressoide_11.0.1_2563/ide/plugins/com.nxp.mcuxpresso.tools.win32_11.0.1.201907311258/tools/bin/../lib/gcc/arm-none-eabi/8.2.1/../../../../arm-none-eabi/lib/thumb/v6-m/nofp\libcr_semihost_nf.a(__sys_close.o)
 .ARM.attributes
                0x0000070e       0x1c c:/nxp/mcuxpressoide_11.0.1_2563/ide/plugins/com.nxp.mcuxpresso.tools.win32_11.0.1.201907311258/tools/bin/../lib/gcc/arm-none-eabi/8.2.1/../../../../arm-none-eabi/lib/thumb/v6-m/nofp\libcr_semihost_nf.a(__sys_flen.o)
 .ARM.attributes
                0x0000072a       0x1c c:/nxp/mcuxpressoide_11.0.1_2563/ide/plugins/com.nxp.mcuxpresso.tools.win32_11.0.1.201907311258/tools/bin/../lib/gcc/arm-none-eabi/8.2.1/../../../../arm-none-eabi/lib/thumb/v6-m/nofp\libcr_semihost_nf.a(__sys_istty.o)
 .ARM.attributes
                0x00000746       0x1c c:/nxp/mcuxpressoide_11.0.1_2563/ide/plugins/com.nxp.mcuxpresso.tools.win32_11.0.1.201907311258/tools/bin/../lib/gcc/arm-none-eabi/8.2.1/../../../../arm-none-eabi/lib/thumb/v6-m/nofp\libcr_semihost_nf.a(__sys_remove.o)
 .ARM.attributes
                0x00000762       0x1c c:/nxp/mcuxpressoide_11.0.1_2563/ide/plugins/com.nxp.mcuxpresso.tools.win32_11.0.1.201907311258/tools/bin/../lib/gcc/arm-none-eabi/8.2.1/../../../../arm-none-eabi/lib/thumb/v6-m/nofp\libcr_semihost_nf.a(__sys_seek.o)
 .ARM.attributes
                0x0000077e       0x1c c:/nxp/mcuxpressoide_11.0.1_2563/ide/plugins/com.nxp.mcuxpresso.tools.win32_11.0.1.201907311258/tools/bin/../lib/gcc/arm-none-eabi/8.2.1/../../../../arm-none-eabi/lib/thumb/v6-m/nofp\libcr_semihost_nf.a(__sys_tmpnam.o)
 .ARM.attributes
                0x0000079a       0x1c c:/nxp/mcuxpressoide_11.0.1_2563/ide/plugins/com.nxp.mcuxpresso.tools.win32_11.0.1.201907311258/tools/bin/../lib/gcc/arm-none-eabi/8.2.1/../../../../arm-none-eabi/lib/thumb/v6-m/nofp\libcr_semihost_nf.a(__sys_write.o)

.debug_frame    0x00000000     0x1c28
 .debug_frame   0x00000000      0x3b0 ./debug/startup_mkl25z4.o
 .debug_frame   0x000003b0       0x4c ./debug/system_MKL25Z4.o
 .debug_frame   0x000003fc       0x50 ./debug/board.o
 .debug_frame   0x0000044c      0x100 ./debug/clock_config.o
 .debug_frame   0x0000054c       0x2c ./debug/peripherals.o
 .debug_frame   0x00000578       0x88 ./debug/pin_mux.o
 .debug_frame   0x00000600      0x6e0 ./debug/fsl_clock.o
 .debug_frame   0x00000ce0       0x90 ./debug/fsl_common.o
 .debug_frame   0x00000d70      0x418 ./debug/fsl_lpsci.o
 .debug_frame   0x00001188      0x468 ./debug/fsl_uart.o
 .debug_frame   0x000015f0      0x1f0 ./debug/fsl_debug_console.o
 .debug_frame   0x000017e0       0x90 ./debug/main.o
 .debug_frame   0x00001870       0xb0 ./debug/led_control.o
 .debug_frame   0x00001920       0xd0 ./debug/logger.o
 .debug_frame   0x000019f0       0x34 ./debug/tmp102.o
 .debug_frame   0x00001a24       0xec ./debug/i2c.o
 .debug_frame   0x00001b10      0x118 ./debug/state_machine.o
